[{"id":423981,"title":"Can&#39;t mount HFS+ drive, bad superblock?","body":"<p>My Macbook (Snow Leopard OS) was giving me the rainbow wheel of death so I tried booting into safe mode and repairing the disk, with no luck. So I decided to pull the drive out and plug it into my Ubuntu 12.04 desktop with a SATA to USB cable to recover some data before reinstalling the OS. I'm having a lot of trouble trying to mount the drive. I have installed hfsplus hfsprogs and hfsutils and run the following command.</p>\n\n<p><code>sudo mount -t hfsplus /dev/sdd1 /mnt/\"AppleMount\"</code></p>\n\n<p>Which gives me this error.</p>\n\n<p><code>wrong fs type, bad option, bad superblock on /dev/sdd1,</code></p>\n\n<p><code>missing codepage or helper program, or other error</code></p>\n\n<p><code>In some cases useful info is found in syslog - try</code></p>\n\n<p><code>dmesg | tail  or so</code></p>\n\n<p>Running dmesg tells me this.</p>\n\n<p><code>[39666.815423] end_request: critical target error, dev sdd, sector 536</code></p>\n\n<p><code>[39666.815429] Buffer I/O error on device sdd1, logical block 62</code></p>\n\n<p><code>[39670.526393] sd 6:0:0:0: [sdd] Unhandled sense code</code></p>\n\n<p><code>[39670.526397] sd 6:0:0:0: [sdd]  Result: hostbyte=invalid driverbyte=DRIVER_SENSE</code></p>\n\n<p><code>[39670.526402] sd 6:0:0:0: [sdd]  Sense Key : Medium Error [current]</code></p>\n\n<p><code>[39670.526407] sd 6:0:0:0: [sdd]  Add. Sense: Unrecovered read error</code></p>\n\n<p><code>[39670.526412] sd 6:0:0:0: [sdd] CDB: Read(10): 28 00 00 00 02 18 00 00 08 00</code></p>\n\n<p><code>[39670.526422] end_request: critical target error, dev sdd, sector 536</code></p>\n\n<p><code>[39670.526427] Buffer I/O error on device sdd1, logical block 62</code></p>\n\n<p><code>[39763.562415] hfs: unable to find HFS+ superblock</code></p>\n\n<p>So I think I'm stuck at this point. Can anyone guide me in the right direction? Thank you!</p>\n","related_questions":[{"id":709042,"title":"Can&#39;t mount external hard drive USB","body":"<p>It's NTFS. It's USB3. I'm using Ubuntu 14.04. I have tried the following commands:</p>\n\n<blockquote>\n  <p>sudo fdisk -l</p>\n</blockquote>\n\n<p><a href=\"http://i.stack.imgur.com/ginBV.png\" rel=\"nofollow\">sudo fdisk -l</a></p>\n\n<blockquote>\n  <p>sudo mount -t ntfs /dev/sdb1 /mnt</p>\n</blockquote>\n\n<p><a href=\"http://i.stack.imgur.com/KnLbw.png\" rel=\"nofollow\">sudo mount -t ntfs /dev/sdb1 /mnt</a></p>\n"},{"id":665813,"title":"&quot;mount: wrong fs type, bad option, bad superblock on /dev/sdc1&quot; when mounting ext4 drive","body":"<p>I'm trying to mount an ext4 partition on another drive so it can be mounted at login, but whenever I do, I get this message:</p>\n\n<pre><code>Error mounting system-managed device /dev/sdc1: Command-line `mount \"/mnt/5775d669-9265-436c-b7ac-1cbd206413c4\"' exited with non-zero exit status 32: mount: wrong fs type, bad option, bad superblock on /dev/sdc1,\n   missing codepage or helper program, or other error\n   In some cases useful info is found in syslog - try\n   dmesg | tail  or so\n</code></pre>\n\n<p>This is an ext4 drive, not NFS or NTFS. This error also does not occur if I go into Disks and untick \"Show in user interface.\"</p>\n"},{"id":655836,"title":"Problem mounting hfsplus on ubuntu","body":"<p>I'm trying to mount hfsplus formatted disk on ubuntu but so far without success. The disk could be read without problem but could not write. I've tried the command \"sudo mount -t hfsplus -o force,rw /dev/sdXY /media/mntpoint\" to enforce rw but was told as the following image shown.</p>\n\n<p>Also the start of the device also looks wired. Although I've leave 1M in the front while creating disk partition using Gpart. </p>\n\n<p>Is it possible that I did not partition the disk right? </p>\n\n<pre><code>fdisk -l\n</code></pre>\n\n<p>OUTPUT:</p>\n\n<p>WARNING: GPT (GUID Partition Table) detected on '/dev/sdb'! The util fdisk doesn't support GPT. Use GNU Parted.\n    enter code here</p>\n\n<p>Disk /dev/sdb: 4000.8 GB, 4000752599040 bytes\n255 heads, 63 sectors/track, 486397 cylinders, total 7813969920 sectors\nUnits = sectors of 1 * 512 = 512 bytes\nSector size (logical/physical): 512 bytes / 4096 bytes\nI/O size (minimum/optimal): 4096 bytes / 4096 bytes\nDisk identifier: 0x00000000</p>\n\n<p>Device Boot      Start         End      Blocks   Id  System\n/dev/sdb1               1  4294967295  2147483647+  ee  GPT</p>\n\n<pre><code>sudo mount -t hfsplus -o force,rw /dev/sdb1 /media/usb\n</code></pre>\n\n<p>OUTPUT:</p>\n\n<p>mount: wrong fs type, bad option, bad superblock on /dev/sdb1,\n       missing codepage or helper program, or other error\n       In some cases useful info is found in syslog - try\n       dmesg | tail  or so</p>\n\n<pre><code>dmesg | tail\n</code></pre>\n\n<p>[ 4203.926445] sd 6:0:0:0: [sdb] No Caching mode page found</p>\n\n<p>[ 4203.926449] sd 6:0:0:0: [sdb] Assuming drive cache: write through</p>\n\n<p>[ 4203.927753] sd 6:0:0:0: [sdb] Very big device. Trying to use READ CAPACITY(16).</p>\n\n<p>[ 4204.528425]  sdb: sdb1</p>\n\n<p>[ 4204.530422] sd 6:0:0:0: [sdb] Very big device. Trying to use READ CAPACITY(16).</p>\n\n<p>[ 4204.541249] sd 6:0:0:0: [sdb] Attached SCSI disk</p>\n\n<p>[ 4553.297930] gpartedbin[3975]: segfault at ffffffffffffff89 ip 000000000047e703 sp 00007fff26fcf630 error 7 in gpartedbin[400000+125000]</p>\n\n<p>[ 6100.293140] gnome-disks[3150]: segfault at 0 ip 00007f7a66f8049f sp 00007fff71e278a0 error 4 in libgio-2.0.so.0.4002.0[7f7a66ea0000+16c000]</p>\n\n<p>[ 6235.192031] EXT4-fs (sdb1): mounted filesystem with ordered data mode. Opts: (null)</p>\n\n<p>[ 6875.096057] hfsplus: unable to find HFS+ superblock</p>\n"},{"id":113861,"title":"&#39;Unable to mount Filesystem&#39; Error","body":"<p>Trying to extract data from a 'bricked' Western Digital MyBook Live 2tb drive.</p>\n\n<p>I came across a forum that advised to use Ubuntu (booted from a CD) on my Macbook.  Managed to download and create a boot CD for Ubuntu (like this little operating system btw).  Booted the machine with the CD and plugged the drive (which I had extracted from it's casing and placed into a external USB SATA case &amp; plugged to the laptop).  The drive is seen by Ubuntu but each time I click on the drive, it gives me the following error:</p>\n\n<pre><code>Unable to mount 2.0 TB Filesystem\n\nError mounting: mount: wrong fs type, bad option, bad superblock on /dev/sdb4, missing codepage or helper program, or other error In some cases useful info is found in syslog -try dmesg | tail or so\n</code></pre>\n\n<p>I am new to this and spent quite some time searching this site to see if I could find a solution to this problem without troubling anyone.  I came up with a few that came close but some of the questioners mentioned that they had lost data...which scared me from going further.  I need to basically extract 1 particular folder from the drive.  If I can get to mount this volume 'sdb4', there is a folder called 'My_Work' which I need to back up.  The rest I have/had a copy of.</p>\n\n<p>When I typed in dmesg | tail...I got several lines..but I think ones that are relevant are:</p>\n\n<pre><code>[  406.864677] EXT4-fs (sdb4): bad block size 65536\n[  429.098776] hfs: write access to a journaled filesystem is not supported, use the force option at your own risk, mounting read-only\n[  439.786365] hfs: write access to a journaled filesystem is not supported, use the force option at your own risk, mounting read-only\n[  445.982692] EXT4-fs (sdb4): bad block size 65536\n[ 1565.841690] EXT4-fs (sdb4): bad block size 65536\n</code></pre>\n\n<p>I read somewhere to try/check 'sudo fdisk -l /dev/sdb4'.  It gave me the following result:</p>\n\n<pre><code>Disk /dev/sdb44: 1995.8 GB, 1995774623744 bytes\n255 heads, 63 sectors/track, 242639 cylinders, total 3897997312 sectors\nUnits = sectors of 1 * 512 = 512 bytes\nSector size (logical/physical): 512 bytes / 512 bytes\nI/O size (minimum/optimal): 512 bytes / 512 bytes\nDisk identifier: 0x00000000\n\nDisk /dev/sdb4 doesn't contain a valid partition table\n</code></pre>\n\n<p>This is where I reached and got frustrated and decided to try &amp; get help on this without digging myself deeper into a hole!  I understand that the answer may already be out there.  If so, could someone please point me in the right direction.  And if not, could someone please resolve (if possible) my situation!</p>\n"},{"id":412803,"title":"Can&#39;t mount HDD /wrong fs type, bad superblock","body":"<p>I have browsed the many other questions related to my question, there seems to be many solutions for others, but not for me, when I try to mount my HDD using:</p>\n\n<p><code>sudo mount /dev/sdd /media/jinglez/MainFiles</code></p>\n\n<p>I get the error:</p>\n\n<p>jinglez@jinglezServer:~$ mount /dev/sdd /media/jinglez/MainFiles\nmount: wrong fs type, bad option, bad superblock on /dev/sdd,\n       missing codepage or helper program, or other error\n       In some cases useful info is found in syslog - try\n       dmesg | tail  or so</p>\n\n<p>As requested, I ran <code>dmesg | tail</code> which returned:</p>\n\n<pre><code>jinglez@jinglezServer:~$ dmesg | tail\n[   64.337321] init: transmission-daemon main process (882) terminated with status 127\n[   64.337361] init: transmission-daemon respawning too fast, stopped\n[   64.896160] tg3 0000:02:00.0: irq 42 for MSI/MSI-X\n[   65.695028] IPv6: ADDRCONF(NETDEV_UP): eth0: link is not ready\n[   65.695463] IPv6: ADDRCONF(NETDEV_UP): eth0: link is not ready\n[   99.933921] systemd-hostnamed[3202]: Warning: nss-myhostname is not installed. Changing the local hostname might make it unresolveable. Please install nss-myhostname!\n[  120.906364] init: plymouth-stop pre-start process (4631) terminated with status 1\n[  377.372510] EXT4-fs (sdd): bad geometry: block count 732566646 exceeds size of device (732566381 blocks)\n[  380.264264] EXT2-fs (sdd): error: couldn't mount because of unsupported optional features (240)\n[  382.129108] EXT3-fs (sdd): error: couldn't mount because of unsupported optional features (240)\n</code></pre>\n\n<p>I'm fairly new to Ubuntu, so it's safe to say I'm stumped now, what else can I try?</p>\n"},{"id":409872,"title":"Usb memory stick won&#39;t be recognized as a drive","body":"<p>I have a usb memory stick that used to work perfectly fine, but then I made a mistake while trying to install a disk image onto it and now no computer recognizes that it is a memory drive. It doesn't mount, <em>fdisk</em> doesn't recognize it. However <em>lsusb</em> recognizes it. Output of fdisk -l</p>\n\n<pre><code>Disk /dev/sda: 1000.2 GB, 1000204886016 bytes\n255 heads, 63 sectors/track, 121601 cylinders, total 1953525168 sectors\nUnits = sectors of 1 * 512 = 512 bytes\nSector size (logical/physical): 512 bytes / 4096 bytes\nI/O size (minimum/optimal): 4096 bytes / 4096 bytes\nDisk identifier: 0x00013ee7\n\n   Device Boot      Start         End      Blocks   Id  System\n/dev/sda1   *        2048   902584319   451291136   83  Linux\n/dev/sda2      1936875518  1953523711     8324097    5  Extended\nPartition 2 does not start on physical sector boundary.\n/dev/sda3       902584320  1936873471   517144576   83  Linux\n/dev/sda5      1936875520  1953523711     8324096   82  Linux swap / Solaris\n\nPartition table entries are not in disk order\n</code></pre>\n\n<p>Output of lsusb:</p>\n\n<pre><code>Bus 002 Device 002: ID 8087:8000 Intel Corp. \nBus 002 Device 001: ID 1d6b:0002 Linux Foundation 2.0 root hub\nBus 001 Device 002: ID 8087:8008 Intel Corp. \nBus 001 Device 001: ID 1d6b:0002 Linux Foundation 2.0 root hub\nBus 004 Device 001: ID 1d6b:0003 Linux Foundation 3.0 root hub\nBus 003 Device 005: ID 04b4:0033 Cypress Semiconductor Corp. Mouse\nBus 003 Device 004: ID 04d9:1702 Holtek Semiconductor, Inc. \nBus 003 Device 008: ID 13fe:3e00 Kingston Technology Company Inc. Flash Drive\nBus 003 Device 003: ID 147e:1001 Upek TCS5B Fingerprint sensor\nBus 003 Device 002: ID 041e:3f0e Creative Technology, Ltd \nBus 003 Device 001: ID 1d6b:0002 Linux Foundation 2.0 root hub\n</code></pre>\n\n<p>It may be important to note that I know that the usb port works, and that the same problem occurs on other computers and other operating systems.</p>\n\n<p>dmesg output:</p>\n\n<p>[    0.546360] pcieport 0000:00:01.0: irq 40 for MSI/MSI-X\n[    0.546468] pci_hotplug: PCI Hot Plug PCI Core version: 0.5\n[    0.546475] pciehp: PCI Express Hot Plug Controller Driver version: 0.4\n[    0.546501] intel_idle: MWAIT substates: 0x42120\n[    0.546502] intel_idle: v0.4 model 0x3C\n[    0.546503] intel_idle: lapic_timer_reliable_states 0xffffffff\n[    0.546567] input: Power Button as /devices/LNXSYSTM:00/device:00/PNP0C0C:00/input/input0\n[    0.546569] ACPI: Power Button [PWRB]\n[    0.546587] input: Power Button as /devices/LNXSYSTM:00/LNXPWRBN:00/input/input1\n[    0.546588] ACPI: Power Button [PWRF]\n[    0.546626] ACPI: Fan [FAN0] (off)\n[    0.546638] ACPI: Fan [FAN1] (off)\n[    0.546651] ACPI: Fan [FAN2] (off)\n[    0.546661] ACPI: Fan [FAN3] (off)\n[    0.546673] ACPI: Fan [FAN4] (off)\n[    0.546702] ACPI: Requesting acpi_cpufreq\n[    0.547073] thermal LNXTHERM:00: registered as thermal_zone0\n[    0.547075] ACPI: Thermal Zone [TZ00] (28 C)\n[    0.547199] thermal LNXTHERM:01: registered as thermal_zone1\n[    0.547200] ACPI: Thermal Zone [TZ01] (30 C)\n[    0.547212] GHES: HEST is not enabled!\n[    0.547251] Serial: 8250/16550 driver, 32 ports, IRQ sharing enabled\n[    0.567645] 00:0a: ttyS0 at I/O 0x3f8 (irq = 4) is a 16550A\n[    0.568407] Linux agpgart interface v0.103\n[    0.569075] brd: module loaded\n[    0.569408] loop: module loaded\n[    0.569577] libphy: Fixed MDIO Bus: probed\n[    0.569616] tun: Universal TUN/TAP device driver, 1.6\n[    0.569617] tun: (C) 1999-2004 Max Krasnyansky \n[    0.569638] PPP generic driver version 2.4.2\n[    0.569659] ehci_hcd: USB 2.0 'Enhanced' Host Controller (EHCI) Driver\n[    0.569660] ehci-pci: EHCI PCI platform driver\n[    0.569717] ehci-pci 0000:00:1a.0: setting latency timer to 64\n[    0.569722] ehci-pci 0000:00:1a.0: EHCI Host Controller\n[    0.569726] ehci-pci 0000:00:1a.0: new USB bus registered, assigned bus number 1\n[    0.569735] ehci-pci 0000:00:1a.0: debug port 2\n[    0.573619] ehci-pci 0000:00:1a.0: cache line size of 64 is not supported\n[    0.573631] ehci-pci 0000:00:1a.0: irq 20, io mem 0xf7318000\n[    0.583807] ehci-pci 0000:00:1a.0: USB 2.0 started, EHCI 1.00\n[    0.583817] usb usb1: New USB device found, idVendor=1d6b, idProduct=0002\n[    0.583818] usb usb1: New USB device strings: Mfr=3, Product=2, SerialNumber=1\n[    0.583819] usb usb1: Product: EHCI Host Controller\n[    0.583820] usb usb1: Manufacturer: Linux 3.11.0-14-generic ehci_hcd\n[    0.583820] usb usb1: SerialNumber: 0000:00:1a.0\n[    0.583870] hub 1-0:1.0: USB hub found\n[    0.583874] hub 1-0:1.0: 2 ports detected\n[    0.583972] ehci-pci 0000:00:1d.0: setting latency timer to 64\n[    0.583976] ehci-pci 0000:00:1d.0: EHCI Host Controller\n[    0.583980] ehci-pci 0000:00:1d.0: new USB bus registered, assigned bus number 2\n[    0.583988] ehci-pci 0000:00:1d.0: debug port 2\n[    0.587891] ehci-pci 0000:00:1d.0: cache line size of 64 is not supported\n[    0.587900] ehci-pci 0000:00:1d.0: irq 23, io mem 0xf7317000\n[    0.599832] ehci-pci 0000:00:1d.0: USB 2.0 started, EHCI 1.00\n[    0.599838] usb usb2: New USB device found, idVendor=1d6b, idProduct=0002\n[    0.599839] usb usb2: New USB device strings: Mfr=3, Product=2, SerialNumber=1\n[    0.599839] usb usb2: Product: EHCI Host Controller\n[    0.599840] usb usb2: Manufacturer: Linux 3.11.0-14-generic ehci_hcd\n[    0.599841] usb usb2: SerialNumber: 0000:00:1d.0\n[    0.599886] hub 2-0:1.0: USB hub found\n[    0.599888] hub 2-0:1.0: 2 ports detected\n[    0.599937] ehci-platform: EHCI generic platform driver\n[    0.599941] ohci_hcd: USB 1.1 'Open' Host Controller (OHCI) Driver\n[    0.599942] ohci-platform: OHCI generic platform driver\n[    0.599944] uhci_hcd: USB Universal Host Controller Interface driver\n[    0.599999] xhci_hcd 0000:00:14.0: setting latency timer to 64\n[    0.600001] xhci_hcd 0000:00:14.0: xHCI Host Controller\n[    0.600005] xhci_hcd 0000:00:14.0: new USB bus registered, assigned bus number 3\n[    0.600071] xhci_hcd 0000:00:14.0: cache line size of 64 is not supported\n[    0.600085] xhci_hcd 0000:00:14.0: irq 41 for MSI/MSI-X\n[    0.600114] usb usb3: New USB device found, idVendor=1d6b, idProduct=0002\n[    0.600115] usb usb3: New USB device strings: Mfr=3, Product=2, SerialNumber=1\n[    0.600116] usb usb3: Product: xHCI Host Controller\n[    0.600117] usb usb3: Manufacturer: Linux 3.11.0-14-generic xhci_hcd\n[    0.600118] usb usb3: SerialNumber: 0000:00:14.0\n[    0.600151] xHCI xhci_add_endpoint called for root hub\n[    0.600152] xHCI xhci_check_bandwidth called for root hub\n[    0.600164] hub 3-0:1.0: USB hub found\n[    0.600173] hub 3-0:1.0: 14 ports detected\n[    0.601512] xhci_hcd 0000:00:14.0: xHCI Host Controller\n[    0.601516] xhci_hcd 0000:00:14.0: new USB bus registered, assigned bus number 4\n[    0.601526] usb usb4: New USB device found, idVendor=1d6b, idProduct=0003\n[    0.601527] usb usb4: New USB device strings: Mfr=3, Product=2, SerialNumber=1\n[    0.601528] usb usb4: Product: xHCI Host Controller\n[    0.601529] usb usb4: Manufacturer: Linux 3.11.0-14-generic xhci_hcd\n[    0.601530] usb usb4: SerialNumber: 0000:00:14.0\n[    0.601565] xHCI xhci_add_endpoint called for root hub\n[    0.601565] xHCI xhci_check_bandwidth called for root hub\n[    0.601576] hub 4-0:1.0: USB hub found\n[    0.601581] hub 4-0:1.0: 6 ports detected\n[    0.607869] i8042: PNP: No PS/2 controller found. Probing ports directly.\n[    0.610231] serio: i8042 KBD port at 0x60,0x64 irq 1\n[    0.610234] serio: i8042 AUX port at 0x60,0x64 irq 12\n[    0.610287] mousedev: PS/2 mouse device common for all mice\n[    0.610355] rtc_cmos 00:06: RTC can wake from S4\n[    0.610454] rtc_cmos 00:06: rtc core: registered rtc_cmos as rtc0\n[    0.610476] rtc_cmos 00:06: alarms up to one month, y3k, 242 bytes nvram, hpet irqs\n[    0.610511] device-mapper: uevent: version 1.0.3\n[    0.610543] device-mapper: ioctl: 4.25.0-ioctl (2013-06-26) initialised: dm-devel@redhat.com\n[    0.610633] cpuidle: using governor ladder\n[    0.610753] cpuidle: using governor menu\n[    0.610758] ledtrig-cpu: registered to indicate activity on CPUs\n[    0.610814] TCP: cubic registered\n[    0.610860] NET: Registered protocol family 10\n[    0.610958] NET: Registered protocol family 17\n[    0.610965] Key type dns_resolver registered\n[    0.611117] PM: Hibernation image not present or could not be loaded.\n[    0.611119] Loading module verification certificates\n[    0.611615] MODSIGN: Loaded cert 'Magrathea: Glacier signing key: 4f57df1a3429640d83ffde722907e1377213486f'\n[    0.611620] registered taskstats version 1\n[    0.612807] Key type trusted registered\n[    0.613777] Key type encrypted registered\n[    0.614779] AppArmor: AppArmor sha1 policy hashing enabled\n[    0.615110]   Magic number: 14:18:6\n[    0.615145] memory memory50: hash matches\n[    0.615192] rtc_cmos 00:06: setting system clock to 2014-01-25 02:02:05 UTC (1390615325)\n[    0.616075] BIOS EDD facility v0.16 2004-Jun-25, 0 devices found\n[    0.616076] EDD information not available.\n[    0.616673] Freeing unused kernel memory: 1364K (ffffffff81d10000 - ffffffff81e65000)\n[    0.616674] Write protecting the kernel read-only data: 12288k\n[    0.618093] Freeing unused kernel memory: 1036K (ffff8800016fd000 - ffff880001800000)\n[    0.619120] Freeing unused kernel memory: 836K (ffff880001b2f000 - ffff880001c00000)\n[    0.626651] systemd-udevd[145]: starting version 204\n[    0.633032] video: module verification failed: signature and/or required key missing - tainting kernel\n[    0.637120] ahci 0000:00:1f.2: version 3.0\n[    0.637221] ahci 0000:00:1f.2: irq 42 for MSI/MSI-X\n[    0.637257] ahci 0000:00:1f.2: AHCI 0001.0300 32 slots 6 ports 6 Gbps 0x3 impl SATA mode\n[    0.637259] ahci 0000:00:1f.2: flags: 64bit ncq led clo pio slum part ems apst \n[    0.637261] ahci 0000:00:1f.2: setting latency timer to 64\n[    0.641442] r8169 Gigabit Ethernet driver 2.3LK-NAPI loaded\n[    0.641451] r8169 0000:03:00.0: can't disable ASPM; OS doesn't have ASPM control\n[    0.644381] scsi0 : ahci\n[    0.644447] scsi1 : ahci\n[    0.644500] scsi2 : ahci\n[    0.644551] scsi3 : ahci\n[    0.644596] scsi4 : ahci\n[    0.644641] scsi5 : ahci\n[    0.644725] ata1: SATA max UDMA/133 abar m2048@0xf7316000 port 0xf7316100 irq 42\n[    0.644727] ata2: SATA max UDMA/133 abar m2048@0xf7316000 port 0xf7316180 irq 42\n[    0.644729] ata3: DUMMY\n[    0.644729] ata4: DUMMY\n[    0.644730] ata5: DUMMY\n[    0.644731] ata6: DUMMY\n[    0.648276] r8169 0000:03:00.0: irq 43 for MSI/MSI-X\n[    0.648386] r8169 0000:03:00.0 eth0: RTL8168g/8111g at 0xffffc90000c38000, ac:22:0b:79:d9:19, XID 0c000800 IRQ 43\n[    0.648387] r8169 0000:03:00.0 eth0: jumbo features [frames: 9200 bytes, tx checksumming: ko]\n[    0.896284] usb 1-1: new high-speed USB device number 2 using ehci-pci\n[    0.964389] ata1: SATA link up 6.0 Gbps (SStatus 133 SControl 300)\n[    0.964403] ata2: SATA link up 1.5 Gbps (SStatus 113 SControl 300)\n[    0.965516] ata1.00: ATA-9: ST1000DM003-1CH162, CC47, max UDMA/133\n[    0.965518] ata1.00: 1953525168 sectors, multi 16: LBA48 NCQ (depth 31/32), AA\n[    0.966108] ata2.00: ATAPI: ASUS     DRW-24F1ST   a, 1.00, max UDMA/100\n[    0.966378] ata1.00: configured for UDMA/133\n[    0.966494] scsi 0:0:0:0: Direct-Access     ATA      ST1000DM003-1CH1 CC47 PQ: 0 ANSI: 5\n[    0.966580] sd 0:0:0:0: [sda] 1953525168 512-byte logical blocks: (1.00 TB/931 GiB)\n[    0.966582] sd 0:0:0:0: [sda] 4096-byte physical blocks\n[    0.966595] sd 0:0:0:0: [sda] Write Protect is off\n[    0.966596] sd 0:0:0:0: [sda] Mode Sense: 00 3a 00 00\n[    0.966602] sd 0:0:0:0: [sda] Write cache: enabled, read cache: enabled, doesn't support DPO or FUA\n[    0.966603] sd 0:0:0:0: Attached scsi generic sg0 type 0\n[    0.967087] ata2.00: configured for UDMA/100\n[    0.968331] scsi 1:0:0:0: CD-ROM            ASUS     DRW-24F1ST   a   1.00 PQ: 0 ANSI: 5\n[    0.972004] sr0: scsi3-mmc drive: 40x/40x writer dvd-ram cd/rw xa/form2 cdda tray\n[    0.972006] cdrom: Uniform CD-ROM driver Revision: 3.20\n[    0.972091] sr 1:0:0:0: Attached scsi CD-ROM sr0\n[    0.972129] sr 1:0:0:0: Attached scsi generic sg1 type 5\n[    1.015236]  sda: sda1 sda2 &lt; sda5 > sda3\n[    1.015464] sd 0:0:0:0: [sda] Attached SCSI disk\n[    1.032855] usb 1-1: New USB device found, idVendor=8087, idProduct=8008\n[    1.032857] usb 1-1: New USB device strings: Mfr=0, Product=0, SerialNumber=0\n[    1.032989] hub 1-1:1.0: USB hub found\n[    1.033095] hub 1-1:1.0: 6 ports detected\n[    1.144640] usb 2-1: new high-speed USB device number 2 using ehci-pci\n[    1.277208] usb 2-1: New USB device found, idVendor=8087, idProduct=8000\n[    1.277210] usb 2-1: New USB device strings: Mfr=0, Product=0, SerialNumber=0\n[    1.277349] hub 2-1:1.0: USB hub found\n[    1.277450] hub 2-1:1.0: 8 ports detected\n[    1.445069] usb 3-1: new full-speed USB device number 2 using xhci_hcd\n[    1.462463] usb 3-1: New USB device found, idVendor=041e, idProduct=3f0e\n[    1.462465] usb 3-1: New USB device strings: Mfr=1, Product=2, SerialNumber=3\n[    1.462466] usb 3-1: Product: E-MU XMidi1X1 Tab\n[    1.462467] usb 3-1: Manufacturer: E-MU Systems,Inc.\n[    1.462468] usb 3-1: SerialNumber: E-MU-E6-3F0E-07D90A1E-1014A-TAB\n[    1.529207] tsc: Refined TSC clocksource calibration: 3499.997 MHz\n[    1.629355] usb 3-10: new full-speed USB device number 3 using xhci_hcd\n[    1.646037] usb 3-10: New USB device found, idVendor=147e, idProduct=1001\n[    1.646038] usb 3-10: New USB device strings: Mfr=1, Product=2, SerialNumber=0\n[    1.646040] usb 3-10: Product: Fingerprint Sensor<br>\n[    1.646041] usb 3-10: Manufacturer: TouchStrip<br>\n[    1.646090] usb 3-10: ep 0x83 - rounding interval to 64 microframes, ep desc says 80 microframes\n[    1.813622] usb 3-13: new low-speed USB device number 4 using xhci_hcd\n[    1.849713] usb 3-13: New USB device found, idVendor=04d9, idProduct=1702\n[    1.849715] usb 3-13: New USB device strings: Mfr=1, Product=2, SerialNumber=0\n[    1.849716] usb 3-13: Product: USB Keyboard\n[    1.849717] usb 3-13: Manufacturer:<br>\n[    1.849779] usb 3-13: ep 0x81 - rounding interval to 64 microframes, ep desc says 80 microframes\n[    1.849781] usb 3-13: ep 0x82 - rounding interval to 64 microframes, ep desc says 80 microframes\n[    1.852444] hidraw: raw HID events driver (C) Jiri Kosina\n[    1.876577] usbcore: registered new interface driver usbhid\n[    1.876578] usbhid: USB HID core driver\n[    1.877465] input:   USB Keyboard as /devices/pci0000:00/0000:00:14.0/usb3/3-13/3-13:1.0/input/input2\n[    1.877509] hid-generic 0003:04D9:1702.0001: input,hidraw0: USB HID v1.10 Keyboard [  USB Keyboard] on usb-0000:00:14.0-13/input0\n[    1.880767] input:   USB Keyboard as /devices/pci0000:00/0000:00:14.0/usb3/3-13/3-13:1.1/input/input3\n[    1.880805] hid-generic 0003:04D9:1702.0002: input,hidraw1: USB HID v1.10 Device [  USB Keyboard] on usb-0000:00:14.0-13/input1\n[    2.017935] usb 3-14: new low-speed USB device number 5 using xhci_hcd\n[    2.038985] usb 3-14: New USB device found, idVendor=04b4, idProduct=0033\n[    2.038987] usb 3-14: New USB device strings: Mfr=0, Product=0, SerialNumber=0\n[    2.039050] usb 3-14: ep 0x81 - rounding interval to 64 microframes, ep desc says 80 microframes\n[    2.043137] input: HID 04b4:0033 as /devices/pci0000:00/0000:00:14.0/usb3/3-14/3-14:1.0/input/input4\n[    2.043274] hid-generic 0003:04B4:0033.0003: input,hidraw2: USB HID v1.00 Mouse [HID 04b4:0033] on usb-0000:00:14.0-14/input0\n[    2.530776] Switched to clocksource tsc\n[    3.165517] xor: automatically using best checksumming function:\n[    3.203631]    avx       : 37158.000 MB/sec\n[    3.204642] device-mapper: dm-raid45: initialized v0.2594b\n[    3.363865] raid6: sse2x1   11976 MB/s\n[    3.431967] raid6: sse2x2   15095 MB/s\n[    3.500066] raid6: sse2x4   17415 MB/s\n[    3.568163] raid6: avx2x1   23122 MB/s\n[    3.636263] raid6: avx2x2   26820 MB/s\n[    3.704362] raid6: avx2x4   31307 MB/s\n[    3.704363] raid6: using algorithm avx2x4 (31307 MB/s)\n[    3.704364] raid6: using avx2x2 recovery algorithm\n[    3.706059] bio: create slab  at 1\n[    3.706158] Btrfs loaded\n[    3.842959] sr 1:0:0:0: [sr0]<br>\n[    3.842961] Result: hostbyte=DID_OK driverbyte=DRIVER_SENSE\n[    3.842962] sr 1:0:0:0: [sr0]<br>\n[    3.842963] Sense Key : Illegal Request [current] \n[    3.842964] sr 1:0:0:0: [sr0]<br>\n[    3.842966] Add. Sense: Illegal mode for this track\n[    3.842967] sr 1:0:0:0: [sr0] CDB: \n[    3.842968] Read(10): 28 00 00 00 00 20 00 00 02 00\n[    3.842972] end_request: I/O error, dev sr0, sector 128\n[    3.842973] Buffer I/O error on device sr0, logical block 16\n[    3.843741] sr 1:0:0:0: [sr0]<br>\n[    3.843743] Result: hostbyte=DID_OK driverbyte=DRIVER_SENSE\n[    3.843744] sr 1:0:0:0: [sr0]<br>\n[    3.843745] Sense Key : Illegal Request [current] \n[    3.843746] sr 1:0:0:0: [sr0]<br>\n[    3.843747] Add. Sense: Illegal mode for this track\n[    3.843748] sr 1:0:0:0: [sr0] CDB: \n[    3.843749] Read(10): 28 00 00 00 00 20 00 00 02 00\n[    3.843752] end_request: I/O error, dev sr0, sector 128\n[    3.843753] Buffer I/O error on device sr0, logical block 16\n[    3.844525] sr 1:0:0:0: [sr0]<br>\n[    3.844526] Result: hostbyte=DID_OK driverbyte=DRIVER_SENSE\n[    3.844527] sr 1:0:0:0: [sr0]<br>\n[    3.844528] Sense Key : Illegal Request [current] \n[    3.844529] sr 1:0:0:0: [sr0]<br>\n[    3.844531] Add. Sense: Illegal mode for this track\n[    3.844531] sr 1:0:0:0: [sr0] CDB: \n[    3.844532] Read(10): 28 00 00 00 80 00 00 00 02 00\n[    3.844535] end_request: I/O error, dev sr0, sector 131072\n[    3.844537] Buffer I/O error on device sr0, logical block 16384\n[    3.845308] sr 1:0:0:0: [sr0]<br>\n[    3.845309] Result: hostbyte=DID_OK driverbyte=DRIVER_SENSE\n[    3.845310] sr 1:0:0:0: [sr0]<br>\n[    3.845311] Sense Key : Illegal Request [current] \n[    3.845312] sr 1:0:0:0: [sr0]<br>\n[    3.845314] Add. Sense: Illegal mode for this track\n[    3.845315] sr 1:0:0:0: [sr0] CDB: \n[    3.845315] Read(10): 28 00 00 00 80 00 00 00 02 00\n[    3.845319] end_request: I/O error, dev sr0, sector 131072\n[    3.845320] Buffer I/O error on device sr0, logical block 16384\n[    3.904478] EXT4-fs (sda1): mounted filesystem with ordered data mode. Opts: (null)\n[   13.680881] Adding 8324092k swap on /dev/sda5.  Priority:-1 extents:1 across:8324092k FS\n[   13.754619] IPv6: ADDRCONF(NETDEV_UP): eth0: link is not ready\n[   13.789615] systemd-udevd[448]: starting version 204\n[   13.863561] wmi: Mapper loaded\n[   13.863843] lp: driver loaded but no devices found\n[   13.876759] mei_me 0000:00:16.0: setting latency timer to 64\n[   13.876782] mei_me 0000:00:16.0: irq 44 for MSI/MSI-X\n[   13.879090] [drm] Initialized drm 1.1.0 20060810\n[   13.883381] nvidia: module license 'NVIDIA' taints kernel.\n[   13.883384] Disabling lock debugging due to kernel taint\n[   13.887275] usbcore: registered new interface driver snd-usb-audio\n[   13.888412] snd_hda_intel 0000:00:1b.0: irq 45 for MSI/MSI-X\n[   13.888476] vgaarb: device changed decodes: PCI:0000:01:00.0,olddecodes=io+mem,decodes=none:owns=io+mem\n[   13.888610] [drm] Initialized nvidia-drm 0.0.0 20130102 for 0000:01:00.0 on minor 0\n[   13.888615] NVRM: loading NVIDIA UNIX x86_64 Kernel Module  319.32  Wed Jun 19 15:51:20 PDT 2013\n[   13.896796] cfg80211: Calling CRDA to update world regulatory domain\n[   13.899239] microcode: CPU0 sig=0x306c3, pf=0x2, revision=0x9\n[   13.903847] SKU: Nid=0x1d sku_cfg=0x4047e629\n[   13.903849] SKU: port_connectivity=0x1\n[   13.903850] SKU: enable_pcbeep=0x0\n[   13.903851] SKU: check_sum=0x00000007\n[   13.903852] SKU: customization=0x000000e6\n[   13.903853] SKU: external_amp=0x5\n[   13.903854] SKU: platform_type=0x0\n[   13.903855] SKU: swap=0x0\n[   13.903855] SKU: override=0x1\n[   13.904301] autoconfig: line_outs=4 (0x14/0x15/0x16/0x17/0x0) type:line\n[   13.904302]    speaker_outs=0 (0x0/0x0/0x0/0x0/0x0)\n[   13.904304]    hp_outs=1 (0x1b/0x0/0x0/0x0/0x0)\n[   13.904305]    mono: mono_out=0x0\n[   13.904306]    dig-out=0x11/0x1e\n[   13.904306]    inputs:\n[   13.904308]      Front Mic=0x19\n[   13.904309]      Rear Mic=0x18\n[   13.904310]      Line=0x1a\n[   13.904311] realtek: No valid SSID, checking pincfg 0x4047e629 for NID 0x1d\n[   13.904313] realtek: Enabling init ASM_ID=0xe629 CODEC_ID=10ec0892\n[   13.910089] device-mapper: multipath: version 1.5.1 loaded\n[   13.916034] input: HDA Intel PCH Front Headphone as /devices/pci0000:00/0000:00:1b.0/sound/card0/input5\n[   13.916092] input: HDA Intel PCH Line Out Side as /devices/pci0000:00/0000:00:1b.0/sound/card0/input6\n[   13.916136] input: HDA Intel PCH Line Out CLFE as /devices/pci0000:00/0000:00:1b.0/sound/card0/input7\n[   13.916177] input: HDA Intel PCH Line Out Surround as /devices/pci0000:00/0000:00:1b.0/sound/card0/input8\n[   13.916217] input: HDA Intel PCH Line Out Front as /devices/pci0000:00/0000:00:1b.0/sound/card0/input9\n[   13.916258] input: HDA Intel PCH Line as /devices/pci0000:00/0000:00:1b.0/sound/card0/input10\n[   13.916300] input: HDA Intel PCH Rear Mic as /devices/pci0000:00/0000:00:1b.0/sound/card0/input11\n[   13.916339] input: HDA Intel PCH Front Mic as /devices/pci0000:00/0000:00:1b.0/sound/card0/input12\n[   13.916534] ACPI Warning: 0x0000000000001828-0x000000000000182f SystemIO conflicts with Region \\PMIO 1 (20130517/utaddress-251)\n[   13.916541] ACPI: If an ACPI driver is available for this device, you should use it instead of the native driver\n[   13.916543] ACPI Warning: 0x0000000000001c30-0x0000000000001c3f SystemIO conflicts with Region \\GPRL 1 (20130517/utaddress-251)\n[   13.916545] ACPI Warning: 0x0000000000001c30-0x0000000000001c3f SystemIO conflicts with Region \\GPR_ 2 (20130517/utaddress-251)\n[   13.916547] ACPI: If an ACPI driver is available for this device, you should use it instead of the native driver\n[   13.916553] ACPI Warning: 0x0000000000001c00-0x0000000000001c2f SystemIO conflicts with Region \\GPRL 1 (20130517/utaddress-251)\n[   13.916556] ACPI Warning: 0x0000000000001c00-0x0000000000001c2f SystemIO conflicts with Region \\GPR_ 2 (20130517/utaddress-251)\n[   13.916559] ACPI: If an ACPI driver is available for this device, you should use it instead of the native driver\n[   13.916560] lpc_ich: Resource conflict(s) found affecting gpio_ich\n[   13.916571] hda_intel: Disabling MSI\n[   13.916577] hda-intel 0000:01:00.1: Handle VGA-switcheroo audio client\n[   13.916606] hda-intel 0000:01:00.1: Disabling 64bit DMA\n[   13.918898] ath: EEPROM regdomain: 0x21\n[   13.918900] ath: EEPROM indicates we should expect a direct regpair map\n[   13.918901] ath: Country alpha2 being used: AU\n[   13.918901] ath: Regpair used: 0x21\n[   13.919872] hda-intel 0000:01:00.1: Enable delay in RIRB handling\n[   13.920705] ieee80211 phy0: Selected rate control algorithm 'minstrel_ht'\n[   13.920878] ieee80211 phy0: Atheros AR9485 Rev:1 mem=0xffffc90005300000, irq=19\n[   13.982288] asus_wmi: ASUS WMI generic driver loaded\n[   13.983091] asus_wmi: Initialization: 0x0\n[   13.983103] asus_wmi: BIOS WMI version: 0.9\n[   13.983123] asus_wmi: SFUN value: 0x0\n[   13.983288] input: Eee PC WMI hotkeys as /devices/platform/eeepc-wmi/input/input13\n[   13.983711] asus_wmi: Disabling ACPI video driver\n[   13.988774] microcode: CPU1 sig=0x306c3, pf=0x2, revision=0x9\n[   13.989081] microcode: CPU2 sig=0x306c3, pf=0x2, revision=0x9\n[   13.989386] microcode: CPU3 sig=0x306c3, pf=0x2, revision=0x9\n[   13.989683] microcode: CPU4 sig=0x306c3, pf=0x2, revision=0x9\n[   13.989955] microcode: CPU5 sig=0x306c3, pf=0x2, revision=0x9\n[   13.990228] microcode: CPU6 sig=0x306c3, pf=0x2, revision=0x9\n[   13.990506] microcode: CPU7 sig=0x306c3, pf=0x2, revision=0x9\n[   13.990795] microcode: Microcode Update Driver: v2.00 , Peter Oruba\n[   13.994891] kvm: disabled by bios\n[   14.011907] kvm: disabled by bios\n[   14.036106] cfg80211: World regulatory domain updated:\n[   14.036108] cfg80211:   (start_freq - end_freq @ bandwidth), (max_antenna_gain, max_eirp)\n[   14.036109] cfg80211:   (2402000 KHz - 2472000 KHz @ 40000 KHz), (300 mBi, 2000 mBm)\n[   14.036110] cfg80211:   (2457000 KHz - 2482000 KHz @ 40000 KHz), (300 mBi, 2000 mBm)\n[   14.036111] cfg80211:   (2474000 KHz - 2494000 KHz @ 20000 KHz), (300 mBi, 2000 mBm)\n[   14.036111] cfg80211:   (5170000 KHz - 5250000 KHz @ 40000 KHz), (300 mBi, 2000 mBm)\n[   14.036112] cfg80211:   (5735000 KHz - 5835000 KHz @ 40000 KHz), (300 mBi, 2000 mBm)\n[   14.036117] cfg80211: Calling CRDA for country: AU\n[   14.037374] cfg80211: Regulatory domain changed to country: AU\n[   14.037376] cfg80211:   (start_freq - end_freq @ bandwidth), (max_antenna_gain, max_eirp)\n[   14.037377] cfg80211:   (2402000 KHz - 2482000 KHz @ 40000 KHz), (N/A, 2000 mBm)\n[   14.037378] cfg80211:   (5170000 KHz - 5250000 KHz @ 40000 KHz), (300 mBi, 2300 mBm)\n[   14.037378] cfg80211:   (5250000 KHz - 5330000 KHz @ 40000 KHz), (300 mBi, 2300 mBm)\n[   14.037379] cfg80211:   (5735000 KHz - 5835000 KHz @ 40000 KHz), (300 mBi, 3000 mBm)\n[   14.356003] input: HDA NVidia HDMI/DP,pcm=8 as /devices/pci0000:00/0000:00:01.0/0000:01:00.1/sound/card2/input14\n[   14.356068] input: HDA NVidia HDMI/DP,pcm=7 as /devices/pci0000:00/0000:00:01.0/0000:01:00.1/sound/card2/input15\n[   14.356127] input: HDA NVidia HDMI/DP,pcm=3 as /devices/pci0000:00/0000:00:01.0/0000:01:00.1/sound/card2/input16\n[   14.850254] EXT4-fs (sda1): re-mounted. Opts: errors=remount-ro\n[   15.247898] init: failsafe main process (773) killed by TERM signal\n[   15.362106] Bluetooth: Core ver 2.16\n[   15.362117] NET: Registered protocol family 31\n[   15.362118] Bluetooth: HCI device and connection manager initialized\n[   15.362124] Bluetooth: HCI socket layer initialized\n[   15.362125] Bluetooth: L2CAP socket layer initialized\n[   15.362130] Bluetooth: SCO socket layer initialized\n[   15.363584] Bluetooth: BNEP (Ethernet Emulation) ver 1.3\n[   15.363586] Bluetooth: BNEP filters: protocol multicast\n[   15.363589] Bluetooth: BNEP socket layer initialized\n[   15.363979] Bluetooth: RFCOMM TTY layer initialized\n[   15.363983] Bluetooth: RFCOMM socket layer initialized\n[   15.363984] Bluetooth: RFCOMM ver 1.11\n[   15.549198] init: avahi-cups-reload main process (898) terminated with status 1\n[   15.577247] ppdev: user-space parallel port driver\n[   15.772071] r8169 0000:03:00.0 eth0: link down\n[   15.772101] IPv6: ADDRCONF(NETDEV_UP): eth0: link is not ready\n[   15.772226] IPv6: ADDRCONF(NETDEV_UP): eth0: link is not ready\n[   15.783603] IPv6: ADDRCONF(NETDEV_UP): wlan0: link is not ready\n[   15.783738] IPv6: ADDRCONF(NETDEV_UP): wlan0: link is not ready\n[   15.938641] init: udev-fallback-graphics main process (935) terminated with status 1\n[   16.860093] init: plymouth-stop pre-start process (1372) terminated with status 1\n[   17.448891] wlan0: authenticate with bc:14:01:2a:96:e8\n[   17.470086] wlan0: send auth to bc:14:01:2a:96:e8 (try 1/3)\n[   17.474272] wlan0: authenticated\n[   17.476516] wlan0: associate with bc:14:01:2a:96:e8 (try 1/3)\n[   17.485683] wlan0: RX AssocResp from bc:14:01:2a:96:e8 (capab=0xc11 status=0 aid=2)\n[   17.485710] wlan0: associated\n[   17.485714] IPv6: ADDRCONF(NETDEV_CHANGE): wlan0: link becomes ready\n[   17.485749] cfg80211: Calling CRDA for country: US\n[   17.487071] cfg80211: Regulatory domain changed to country: US\n[   17.487073] cfg80211:   (start_freq - end_freq @ bandwidth), (max_antenna_gain, max_eirp)\n[   17.487074] cfg80211:   (2402000 KHz - 2472000 KHz @ 40000 KHz), (300 mBi, 2700 mBm)\n[   17.487075] cfg80211:   (5170000 KHz - 5250000 KHz @ 40000 KHz), (300 mBi, 1700 mBm)\n[   17.487076] cfg80211:   (5250000 KHz - 5330000 KHz @ 40000 KHz), (300 mBi, 2000 mBm)\n[   17.487077] cfg80211:   (5490000 KHz - 5600000 KHz @ 40000 KHz), (300 mBi, 2000 mBm)\n[   17.487077] cfg80211:   (5650000 KHz - 5710000 KHz @ 40000 KHz), (300 mBi, 2000 mBm)\n[   17.487078] cfg80211:   (5735000 KHz - 5835000 KHz @ 40000 KHz), (300 mBi, 3000 mBm)\n[   17.487079] cfg80211:   (57240000 KHz - 63720000 KHz @ 2160000 KHz), (N/A, 4000 mBm)\n[   72.172480] usb 3-12: new high-speed USB device number 6 using xhci_hcd\n[   72.189168] usb 3-12: New USB device found, idVendor=13fe, idProduct=3e00\n[   72.189170] usb 3-12: New USB device strings: Mfr=1, Product=2, SerialNumber=0\n[   72.189171] usb 3-12: Product: 2267 PRAM<br>\n[   72.189171] usb 3-12: Manufacturer:<br>\n[   72.209613] usb-storage 3-12:1.0: USB Mass Storage device detected\n[   72.209723] scsi6 : usb-storage 3-12:1.0\n[   72.209783] usbcore: registered new interface driver usb-storage\n[   73.210329] scsi 6:0:0:0: Direct-Access              2267 PRAM        1.00 PQ: 0 ANSI: 0 CCS\n[   73.210496] sd 6:0:0:0: Attached scsi generic sg2 type 0\n[   73.210974] sd 6:0:0:0: [sdb] Attached SCSI removable disk\n[   96.456242] hda-intel: IRQ timing workaround is activated for card #0. Suggest a bigger bdl_pos_adj.\ntony@tony-desktop ~ $ </p>\n"},{"id":372791,"title":"How do I mount my External HDD with filesystem type errors?","body":"<p>I am a relatively new Ubuntu user and I am having some difficulty mounting my external 2TB HDD. When I first installed Linux my external HDD was working just fine, however, it has stopped working and I have a lot of important files on there that I need.</p>\n\n<p>Before my HDD would automatically mount and no worries. Now, however, it doesn't automatically mount and when I try to manually mount it I keep running into filesystem type errors that I can't seem to get past.</p>\n\n<p>Below are images that depict my step by step process of how I am trying to mount my HDD along with the errors I am receiving. If anybody has any idea what I am doing wrong or how to correct the issue I would greatly appreciate it.</p>\n\n<p>Step 1) Ensure the computer recognizes my external HDD.</p>\n\n<p>pj@PJ:~$ dmesg</p>\n\n<p>...</p>\n\n<p>[ 5790.367910] scsi 7:0:0:0: Direct-Access     WD       My Passport 0748 1022 PQ: 0 ANSI: 6</p>\n\n<p>[ 5790.368278] scsi 7:0:0:1: Enclosure         WD       SES Device       1022 PQ: 0 ANSI: 6</p>\n\n<p>[ 5790.370122] sd 7:0:0:0: Attached scsi generic sg2 type 0</p>\n\n<p>[ 5790.370310] ses 7:0:0:1: Attached Enclosure device</p>\n\n<p>[ 5790.370462] ses 7:0:0:1: Attached scsi generic sg3 type 13</p>\n\n<p>[ 5792.971601] sd 7:0:0:0: [sdb] 3906963456 512-byte logical blocks: (2.00 TB/1.81 TiB)</p>\n\n<p>[ 5792.972148] sd 7:0:0:0: [sdb] Write Protect is off</p>\n\n<p>[ 5792.972162] sd 7:0:0:0: [sdb] Mode Sense: 47 00 10 08</p>\n\n<p>[ 5792.972591] sd 7:0:0:0: [sdb] No Caching mode page found</p>\n\n<p>[ 5792.972605] sd 7:0:0:0: [sdb] Assuming drive cache: write through</p>\n\n<p>[ 5792.975235] sd 7:0:0:0: [sdb] No Caching mode page found</p>\n\n<p>[ 5792.975249] sd 7:0:0:0: [sdb] Assuming drive cache: write through</p>\n\n<p>[ 5792.987504]  sdb: sdb1</p>\n\n<p>[ 5792.988900] sd 7:0:0:0: [sdb] No Caching mode page found</p>\n\n<p>[ 5792.988911] sd 7:0:0:0: [sdb] Assuming drive cache: write through</p>\n\n<p>[ 5792.988920] sd 7:0:0:0: [sdb] Attached SCSI disk</p>\n\n<p>Step 2) Check if it mounted properly (it does not)</p>\n\n<p>pj@PJ:~$ df -ah</p>\n\n<p>Filesystem        Size  Used Avail Use% Mounted on</p>\n\n<p>/dev/sda1         682G  3.9G  644G   1% /</p>\n\n<p>proc                 0     0     0    - /proc</p>\n\n<p>sysfs                0     0     0    - /sys</p>\n\n<p>none                 0     0     0    - /sys/fs/fuse/connections</p>\n\n<p>none                 0     0     0    - /sys/kernel/debug</p>\n\n<p>none                 0     0     0    - /sys/kernel/security</p>\n\n<p>udev              2.9G  4.0K  2.9G   1% /dev</p>\n\n<p>devpts               0     0     0    - /dev/pts</p>\n\n<p>tmpfs             1.2G  928K  1.2G   1% /run</p>\n\n<p>none              5.0M     0  5.0M   0% /run/lock</p>\n\n<p>none              2.9G  156K  2.9G   1% /run/shm</p>\n\n<p>gvfs-fuse-daemon     0     0     0    - /home/pj/.gvfs</p>\n\n<p>Step 3) Try mounting manually using NTFS and VFAT (both as SDB and SDB1)</p>\n\n<p>pj@PJ:~$ sudo mount /dev/sdb /media/Passport/</p>\n\n<p>NTFS signature is missing.</p>\n\n<p>Failed to mount '/dev/sdb': Invalid argument</p>\n\n<p>The device '/dev/sdb' doesn't seem to have a valid NTFS.</p>\n\n<p>Maybe the wrong device is used? Or the whole disk instead of a</p>\n\n<p>partition (e.g. /dev/sda, not /dev/sda1)? Or the other way around?</p>\n\n<p>pj@PJ:~$ sudo mount /dev/sdb1 /media/Passport/</p>\n\n<p>NTFS signature is missing.</p>\n\n<p>Failed to mount '/dev/sdb1': Invalid argument</p>\n\n<p>The device '/dev/sdb1' doesn't seem to have a valid NTFS.</p>\n\n<p>Maybe the wrong device is used? Or the whole disk instead of a</p>\n\n<p>partition (e.g. /dev/sda, not /dev/sda1)? Or the other way around?</p>\n\n<p>pj@PJ:~$ sudo mount -t ntfs /dev/sdb /media/Passport/</p>\n\n<p>NTFS signature is missing.</p>\n\n<p>Failed to mount '/dev/sdb': Invalid argument</p>\n\n<p>The device '/dev/sdb' doesn't seem to have a valid NTFS.</p>\n\n<p>Maybe the wrong device is used? Or the whole disk instead of a</p>\n\n<p>partition (e.g. /dev/sda, not /dev/sda1)? Or the other way around?</p>\n\n<p>pj@PJ:~$ sudo mount -t vfat /dev/sdb /media/Passport/</p>\n\n<p>mount: wrong fs type, bad option, bad superblock on /dev/sdb,</p>\n\n<pre><code>   missing codepage or helper program, or other error\n\n   In some cases useful info is found in syslog - try\n\n   dmesg | tail  or so\n</code></pre>\n\n<p>pj@PJ:~$ sudo mount -t ntfs /dev/sdb1 /media/Passport/</p>\n\n<p>NTFS signature is missing.</p>\n\n<p>Failed to mount '/dev/sdb1': Invalid argument</p>\n\n<p>The device '/dev/sdb1' doesn't seem to have a valid NTFS.</p>\n\n<p>Maybe the wrong device is used? Or the whole disk instead of a</p>\n\n<p>partition (e.g. /dev/sda, not /dev/sda1)? Or the other way around?</p>\n\n<p>pj@PJ:~$ sudo mount -t vfat /dev/sdb1 /media/Passport/</p>\n\n<p>mount: wrong fs type, bad option, bad superblock on /dev/sdb1,</p>\n\n<pre><code>   missing codepage or helper program, or other error\n\n   In some cases useful info is found in syslog - try\n\n   dmesg | tail  or so\n</code></pre>\n"},{"id":31307,"title":"Why can&#39;t I copy a large number of files to my USB flash drive?","body":"<blockquote>\n  <h2>Final Update:</h2>\n  \n  <p>So it turns out that the drive was indeed defective and I was able to get it replaced - the replacement works great!</p>\n</blockquote>\n\n<p><strong>What happens:</strong></p>\n\n<ol>\n<li>I insert the flash drive.</li>\n<li>I try to copy 2GB of files.</li>\n<li>About 600MB (but not always the same amount) in to the transfer, it aborts and forcefully dismounts the drive.</li>\n<li>Plugging it in again mounts it as read only due to filesystem errors.</li>\n</ol>\n\n<hr>\n\n<p>Information in <code>/var/log/syslog</code>:</p>\n\n<pre>\nApr  4 20:19:09 my-laptop kernel: [10720.130076] usb 1-4: new high speed USB device using ehci_hcd and address 2\nApr  4 20:19:09 my-laptop kernel: [10720.284655] scsi6 : usb-storage 1-4:1.0\nApr  4 20:19:10 my-laptop kernel: [10721.280796] scsi 6:0:0:0: Direct-Access     Corsair  Survivor GTR     0.00 PQ: 0 ANSI: 2\nApr  4 20:19:10 my-laptop kernel: [10721.281920] sd 6:0:0:0: Attached scsi generic sg3 type 0\nApr  4 20:19:10 my-laptop kernel: [10721.284361] sd 6:0:0:0: [sdc] 63438848 512-byte logical blocks: (32.4 GB/30.2 GiB)\nApr  4 20:19:10 my-laptop kernel: [10721.284863] sd 6:0:0:0: [sdc] Write Protect is off\nApr  4 20:19:10 my-laptop kernel: [10721.284870] sd 6:0:0:0: [sdc] Mode Sense: 00 00 00 00\nApr  4 20:19:10 my-laptop kernel: [10721.284876] sd 6:0:0:0: [sdc] Assuming drive cache: write through\nApr  4 20:19:10 my-laptop kernel: [10721.287862] sd 6:0:0:0: [sdc] Assuming drive cache: write through\nApr  4 20:19:10 my-laptop kernel: [10721.287873]  sdc: sdc1\nApr  4 20:19:10 my-laptop kernel: [10721.301238] sd 6:0:0:0: [sdc] Assuming drive cache: write through\nApr  4 20:19:10 my-laptop kernel: [10721.301243] sd 6:0:0:0: [sdc] Attached SCSI removable disk\nApr  4 20:20:03 my-laptop kernel: [10774.494709] FAT: Filesystem error (dev sdc1)\nApr  4 20:20:03 my-laptop kernel: [10774.494714]     fat_free_clusters: deleting FAT entry beyond EOF\nApr  4 20:20:03 my-laptop kernel: [10774.494718] FAT: Filesystem has been set read-only\nApr  4 20:22:04 my-laptop kernel: [10895.160070] usb 1-4: reset high speed USB device using ehci_hcd and address 2\nApr  4 20:22:04 my-laptop kernel: [10895.700029] usb 1-4: device not accepting address 2, error -71\nApr  4 20:22:04 my-laptop kernel: [10895.820047] usb 1-4: reset high speed USB device using ehci_hcd and address 2\nApr  4 20:22:04 my-laptop kernel: [10895.950038] usb 1-4: device descriptor read/64, error -71\nApr  4 20:22:05 my-laptop kernel: [10896.191050] usb 1-4: device descriptor read/64, error -71\nApr  4 20:22:05 my-laptop kernel: [10896.420054] usb 1-4: reset high speed USB device using ehci_hcd and address 2\nApr  4 20:22:05 my-laptop kernel: [10896.840042] usb 1-4: device not accepting address 2, error -71\nApr  4 20:22:05 my-laptop kernel: [10896.962678] usb 1-4: reset high speed USB device using ehci_hcd and address 2\nApr  4 20:22:06 my-laptop kernel: [10897.380047] usb 1-4: device not accepting address 2, error -71\nApr  4 20:22:06 my-laptop kernel: [10897.380095] usb 1-4: USB disconnect, address 2\nApr  4 20:22:06 my-laptop kernel: [10897.380122] sd 6:0:0:0: [sdc] Unhandled error code\nApr  4 20:22:06 my-laptop kernel: [10897.380125] sd 6:0:0:0: [sdc] Result: hostbyte=DID_ERROR driverbyte=DRIVER_OK\nApr  4 20:22:06 my-laptop kernel: [10897.380130] sd 6:0:0:0: [sdc] CDB: Write(10): 2a 00 00 12 9e 00 00 00 f0 00\nApr  4 20:22:06 my-laptop kernel: [10897.380141] end_request: I/O error, dev sdc, sector 1220096\nApr  4 20:22:06 my-laptop kernel: [10897.382530] sd 6:0:0:0: [sdc] Unhandled error code\nApr  4 20:22:06 my-laptop kernel: [10897.382534] sd 6:0:0:0: [sdc] Result: hostbyte=DID_NO_CONNECT driverbyte=DRIVER_OK\nApr  4 20:22:06 my-laptop kernel: [10897.382539] sd 6:0:0:0: [sdc] CDB: Write(10): 2a 00 00 12 9e f0 00 00 f0 00\nApr  4 20:22:06 my-laptop kernel: [10897.382549] end_request: I/O error, dev sdc, sector 1220336\nApr  4 20:22:06 my-laptop kernel: [10897.385121] FAT: FAT read failed (blocknr 329)\nApr  4 20:22:06 my-laptop kernel: [10897.385150] FAT: FAT read failed (blocknr 322)\nApr  4 20:22:06 my-laptop kernel: [10897.385173] FAT: FAT read failed (blocknr 329)\nApr  4 20:22:06 my-laptop kernel: [10897.385188] FAT: FAT read failed (blocknr 322)\nApr  4 20:22:06 my-laptop kernel: [10897.390581] FAT: unable to read inode block for updating (i_pos 496133)\nApr  4 20:22:06 my-laptop kernel: [10897.830055] usb 1-4: new high speed USB device using ehci_hcd and address 3\nApr  4 20:22:06 my-laptop kernel: [10897.962671] usb 1-4: device descriptor read/64, error -71\nApr  4 20:22:07 my-laptop kernel: [10898.200060] usb 1-4: device descriptor read/64, error -71\nApr  4 20:22:07 my-laptop kernel: [10898.432548] usb 1-4: new high speed USB device using ehci_hcd and address 4\nApr  4 20:22:07 my-laptop kernel: [10898.560068] usb 1-4: device descriptor read/64, error -71\nApr  4 20:22:07 my-laptop kernel: [10898.802603] usb 1-4: device descriptor read/64, error -71\nApr  4 20:22:07 my-laptop kernel: [10899.030075] usb 1-4: new high speed USB device using ehci_hcd and address 5\nApr  4 20:22:08 my-laptop kernel: [10899.460032] usb 1-4: device not accepting address 5, error -71\nApr  4 20:22:08 my-laptop kernel: [10899.580064] usb 1-4: new high speed USB device using ehci_hcd and address 6\nApr  4 20:22:08 my-laptop kernel: [10900.000071] usb 1-4: device not accepting address 6, error -71\nApr  4 20:22:08 my-laptop kernel: [10900.000101] hub 1-0:1.0: unable to enumerate USB device on port 4\nApr  4 20:22:09 my-laptop kernel: [10900.322588] usb 4-2: new full speed USB device using uhci_hcd and address 2\nApr  4 20:22:09 my-laptop kernel: [10900.466510] usb 4-2: not running at top speed; connect to a high speed hub\nApr  4 20:22:19 my-laptop kernel: [10910.471597] usb 4-2: string descriptor 0 read error: -110\nApr  4 20:22:24 my-laptop kernel: [10915.471643] usb 4-2: can't set config #1, error -110\n</pre>\n\n<hr>\n\n<p><strong>Other steps taken:</strong></p>\n\n<ul>\n<li>I tried plugging it into different USB ports.</li>\n<li>I tried plugging it into one of the root ports on the PC.</li>\n<li>I ran <code>badblocks</code> on the device and it came up clean.</li>\n<li>I tried wiping the partition table before formatting - no difference.</li>\n<li>I have an external USB 2.0 1TB hard drive that runs fine and can perform large transfers without incident.</li>\n<li><code>smartctl -T normal /dev/sdX</code> fails, saying \"Terminate command early due to bad response to IEC mode page. A mandatory SMART command failed: exiting.\"</li>\n</ul>\n\n<p><i><strong>Note:</strong> thanks to <a href=\"http://askubuntu.com/users/8515/djeikyb\">djeikyb</a> for helping me with some of the steps.</i></p>\n"},{"id":330785,"title":"Raid Issues Cannot Boot and Getting Superblock Errors","body":"<p>I am getting the errors below. How do I get the RAID array fixed. I'd like to get it mounted via the live cd that im booted into as well. Just so I can backup a few items. My setup boots from the RAID array so I'm dead in the water without it.</p>\n\n<pre>root@ubuntu:~# mount /dev/md1 /mnt/\nmount: /dev/md1: can't read superblock\n\nroot@ubuntu:/media/ubuntu# cat /proc/mdstat\nPersonalities : [raid6] [raid5] [raid4] \nmd1 : inactive sdf2[7](S) sda1[8](S) sdg1[6](S) sde2[4](S) sdd2[11](S) sdc2[9](S) sdb2[1](S)\n      10142801446 blocks super 1.2\n\nmd0 : active raid6 sdf1[6] sdg2[7] sde1[4] sdb1[1]\n      62490624 blocks super 1.2 level 6, 512k chunk, algorithm 2 [6/4] [UU__UU]\n\nunused devices: \n\nroot@ubuntu:/media/ubuntu# mdadm --examine --scan\n\nARRAY /dev/md/0 metadata=1.2 UUID=c8081091:2f4943d7:10dec27a:157f4bc1 name=ubuntu-server:0\n\nARRAY /dev/md/1 metadata=1.2 UUID=42cc1f4f:4e4936d6:7459207c:9d4b12e8 name=ubuntu-server:1\n\nroot@ubuntu:/media/ubuntu# mdadm --assemble --scan -v\nmdadm: looking for devices for /dev/md/0\nmdadm: no RAID superblock on /dev/md/0\nmdadm: no RAID superblock on /dev/sdj1\nmdadm: no RAID superblock on /dev/sdj\nmdadm: cannot open device /dev/sr0: No medium found\nmdadm: /dev/sdh2 has wrong uuid\nmdadm: no RAID superblock on /dev/sdh\nmdadm: /dev/sdf2 has wrong uuid.\nmdadm: /dev/sdf1 is busy - skipping\nmdadm: no RAID superblock on /dev/sdf\nmdadm: /dev/sdg2 is busy - skipping\nmdadm: /dev/sdg1 has wrong uuid.\nmdadm: no RAID superblock on /dev/sdg\nmdadm: /dev/sdd2 has wrong uuid.\nmdadm: no RAID superblock on /dev/sdd\nmdadm: /dev/sdc2 has wrong uuid.\nmdadm: no RAID superblock on /dev/sdc\nmdadm: /dev/sde2 has wrong uuid.\nmdadm: /dev/sde1 is busy - skipping\nmdadm: no RAID superblock on /dev/sde\nmdadm: /dev/sdb2 has wrong uuid.\nmdadm: /dev/sdb1 is busy - skipping\nmdadm: no RAID superblock on /dev/sdb\nmdadm: /dev/sda1 has wrong uuid.\nmdadm: no RAID superblock on /dev/sda\nmdadm: no RAID superblock on /dev/loop1\nmdadm: no RAID superblock on /dev/loop0\nmdadm: /dev/md/0 is already in use.\nmdadm: looking for devices for /dev/md/1\nmdadm: no RAID superblock on /dev/md/0\nmdadm: no RAID superblock on /dev/sdj1\nmdadm: no RAID superblock on /dev/sdj\nmdadm: cannot open device /dev/sr0: No medium found\nmdadm: /dev/sdh1 has wrong uuid.\nmdadm: no RAID superblock on /dev/sdh\nmdadm: /dev/sdf2 is busy - skipping\nmdadm: /dev/sdf1 has wrong uuid.\nmdadm: no RAID superblock on /dev/sdf\nmdadm: /dev/sdg2 has wrong uuid.\nmdadm: /dev/sdg1 is busy - skipping\nmdadm: no RAID superblock on /dev/sdg\nmdadm: /dev/sdd2 is busy - skipping\nmdadm: /dev/sdd1 has wrong uuid.\nmdadm: no RAID superblock on /dev/sdd\nmdadm: /dev/sdc2 is busy - skipping\nmdadm: /dev/sdc1 has wrong uuid.\nmdadm: no RAID superblock on /dev/sdc\nmdadm: /dev/sde2 is busy - skipping\nmdadm: /dev/sde1 has wrong uuid.\nmdadm: no RAID superblock on /dev/sde\nmdadm: /dev/sdb2 is busy - skipping\nmdadm: /dev/sdb1 has wrong uuid.\nmdadm: no RAID superblock on /dev/sdb\nmdadm: /dev/sda1 is busy - skipping\nmdadm: no RAID superblock on /dev/sda\nmdadm: no RAID superblock on /dev/loop1\nmdadm: no RAID superblock on /dev/loop0\nmdadm: /dev/md/1 is already in use.\n\nDisk /dev/sda: 1999.8 GB, 1999844147200 bytes\n255 heads, 63 sectors/track, 243133 cylinders, total 3905945600 sectors\nUnits = sectors of 1 * 512 = 512 bytes\nSector size (logical/physical): 512 bytes / 512 bytes\nI/O size (minimum/optimal): 512 bytes / 512 bytes\nDisk identifier: 0x000ab645\n\n   Device Boot      Start         End      Blocks   Id  System\n/dev/sda1              63  2897949284  1448974611   fd  Linux raid autodetect\n\nDisk /dev/sdb: 1499.7 GB, 1499748892672 bytes\n255 heads, 63 sectors/track, 182334 cylinders, total 2929197056 sectors\nUnits = sectors of 1 * 512 = 512 bytes\nSector size (logical/physical): 512 bytes / 512 bytes\nI/O size (minimum/optimal): 512 bytes / 512 bytes\nDisk identifier: 0x000a3189\n\n   Device Boot      Start         End      Blocks   Id  System\n/dev/sdb1            2048    31250431    15624192   fd  Linux raid autodetect\n/dev/sdb2   *    31250432  2929195007  1448972288   fd  Linux raid autodetect\n\nDisk /dev/sde: 1499.7 GB, 1499748892672 bytes\n255 heads, 63 sectors/track, 182334 cylinders, total 2929197056 sectors\nUnits = sectors of 1 * 512 = 512 bytes\nSector size (logical/physical): 512 bytes / 512 bytes\nI/O size (minimum/optimal): 512 bytes / 512 bytes\nDisk identifier: 0x0006f679\n\n   Device Boot      Start         End      Blocks   Id  System\n/dev/sde1            2048    31250431    15624192   fd  Linux raid autodetect\n/dev/sde2   *    31250432  2929195007  1448972288   fd  Linux raid autodetect\n\nDisk /dev/sdc: 1499.7 GB, 1499748892672 bytes\n255 heads, 63 sectors/track, 182334 cylinders, total 2929197056 sectors\nUnits = sectors of 1 * 512 = 512 bytes\nSector size (logical/physical): 512 bytes / 512 bytes\nI/O size (minimum/optimal): 512 bytes / 512 bytes\nDisk identifier: 0x000ec83c\n\n   Device Boot      Start         End      Blocks   Id  System\n/dev/sdc1            2048    31250431    15624192   fd  Linux raid autodetect\n/dev/sdc2   *    31250432  2929195007  1448972288   fd  Linux raid autodetect\n\nDisk /dev/sdd: 1499.7 GB, 1499748892672 bytes\n255 heads, 63 sectors/track, 182334 cylinders, total 2929197056 sectors\nUnits = sectors of 1 * 512 = 512 bytes\nSector size (logical/physical): 512 bytes / 512 bytes\nI/O size (minimum/optimal): 512 bytes / 512 bytes\nDisk identifier: 0x0002c199\n\n   Device Boot      Start         End      Blocks   Id  System\n/dev/sdd1            2048    31250431    15624192   fd  Linux raid autodetect\n/dev/sdd2   *    31250432  2929195007  1448972288   fd  Linux raid autodetect\n\nDisk /dev/sdg: 1999.8 GB, 1999844147200 bytes\n255 heads, 63 sectors/track, 243133 cylinders, total 3905945600 sectors\nUnits = sectors of 1 * 512 = 512 bytes\nSector size (logical/physical): 512 bytes / 512 bytes\nI/O size (minimum/optimal): 512 bytes / 512 bytes\nDisk identifier: 0x0005f94c\n\n   Device Boot      Start         End      Blocks   Id  System\n/dev/sdg1              63  2897949284  1448974611   fd  Linux raid autodetect\n/dev/sdg2      2897949285  2929195709    15623212+  fd  Linux raid autodetect\n\nDisk /dev/sdf: 1499.7 GB, 1499748892672 bytes\n255 heads, 63 sectors/track, 182334 cylinders, total 2929197056 sectors\nUnits = sectors of 1 * 512 = 512 bytes\nSector size (logical/physical): 512 bytes / 512 bytes\nI/O size (minimum/optimal): 512 bytes / 512 bytes\nDisk identifier: 0x0005da7c\n\n   Device Boot      Start         End      Blocks   Id  System\n/dev/sdf1            2048    31250431    15624192   fd  Linux raid autodetect\n/dev/sdf2   *    31250432  2929195007  1448972288   fd  Linux raid autodetect\n\nDisk /dev/sdh: 1499.7 GB, 1499748892672 bytes\n255 heads, 63 sectors/track, 182334 cylinders, total 2929197056 sectors\nUnits = sectors of 1 * 512 = 512 bytes\nSector size (logical/physical): 512 bytes / 512 bytes\nI/O size (minimum/optimal): 512 bytes / 512 bytes\nDisk identifier: 0x000a2f98\n\n   Device Boot      Start         End      Blocks   Id  System\n/dev/sdh1            2048    31250431    15624192   fd  Linux raid autodetect\n/dev/sdh2   *    31250432  2929195007  1448972288   fd  Linux raid autodetect\n\nDisk /dev/sdj: 16.0 GB, 16005464064 bytes\n255 heads, 63 sectors/track, 1945 cylinders, total 31260672 sectors\nUnits = sectors of 1 * 512 = 512 bytes\nSector size (logical/physical): 512 bytes / 512 bytes\nI/O size (minimum/optimal): 512 bytes / 512 bytes\nDisk identifier: 0x00000000\n\n   Device Boot      Start         End      Blocks   Id  System\n/dev/sdj1   *           2    31260671    15630335    c  W95 FAT32 (LBA)\n\nDisk /dev/md0: 64.0 GB, 63990398976 bytes\n2 heads, 4 sectors/track, 15622656 cylinders, total 124981248 sectors\nUnits = sectors of 1 * 512 = 512 bytes\nSector size (logical/physical): 512 bytes / 512 bytes\nI/O size (minimum/optimal): 524288 bytes / 2097152 bytes\nDisk identifier: 0x00000000\n\nDisk /dev/md0 doesn't contain a valid partition table</pre>\n\n<p>I was able to get it to reassemble with </p>\n\n<p>oot@ubuntu:~# mdadm --assemble --force /dev/md1 /dev/sda1 /dev/sdb2 /dev/sdc2 /dev/sdd2 /dev/sde2 /dev/sdf2 /dev/sdg1 /dev/sdh2</p>\n\n<p>Then I ran </p>\n\n<p>mdadm --add for the drives that were missing. its rebuilding now. we will see if after all is said and done if it will boot.I do have it mounted now so I can grab some data. </p>\n"},{"id":222477,"title":"Problem booting the Ubuntu 12.04.01 OS due to bad sectors on the HDD","body":"<p>I use Ubuntu 12.04LTS(64-bit) desktop edition.\nLately I tried to upgrade it to Ubuntu 12.10. Everything was going good, but due to some work I couldn't complete the upgrade, so I disconnected the internet connection.\nThen my lappy reverted back to the original state. I thought everything was fine. But the next time I started the lappy, it said it was unable to mount the root drive.\nPlease I need to recover my data from the lappy.</p>\n\n<h2>I tried Using the Live-CD and then accessing the HDD but it shows the following error:</h2>\n\n<p>Error mounting: mount: wrong fs type, bad option, bad superblock on /dev/sda1,\nmissing codepage or helper program, or other error\nIn some cases useful info is found in syslog - try</p>\n\n<h2>dmesg | tail or so</h2>\n\n<h2>then as said in the above error I opeed the terminal and typed \"dmesg | tail\". It said:</h2>\n\n<p>ubuntu@ubuntu:~$ dmesg | tail\n[ 1446.284420] 72 03 11 04 00 00 00 0c 00 0a 80 00 00 00 00 00\n[ 1446.284430] 1c c5 9b 01\n[ 1446.284435] sd 0:0:0:0: [sda] Add. Sense: Unrecovered read error - auto reallocate failed\n[ 1446.284444] sd 0:0:0:0: [sda] CDB: Read(10): 28 00 1c c5 9b 00 00 00 08 00\n[ 1446.284453] end_request: I/O error, dev sda, sector 482712321\n[ 1446.284467] ata1: EH complete\n[ 1451.533783] JBD2: Failed to read block at offset 12896\n[ 1451.533789] JBD2: IO error -5 recovering block 12896 in log\n[ 1454.136060] JBD2: recovery failed</p>\n\n<h2>[ 1454.136069] EXT4-fs (sda1): error loading journal</h2>\n\n<p>to provide further info. about my system, I have done several HDD tests/checks from the live CD. They don't show that the Disk is getting old. All they say is the's ONE BAD SECTOR on the HDD.\nSecondly, I have not partitioned my HDD. I use the 497.6 GB for my Ubuntu OS &amp; the rest is allotted to SWAP filesys.</p>\n\n<p>Also visit here for more info.\n<a href=\"https://www.quora.com/Ubuntu/Problem-booting-the-Ubuntu-12-04-01-OS-due-to-bad-sectors-on-the-HDD\" rel=\"nofollow\">https://www.quora.com/Ubuntu/Problem-booting-the-Ubuntu-12-04-01-OS-due-to-bad-sectors-on-the-HDD</a></p>\n"}]}]